monitor_id;Subdomain;Domain;group;event;survival_time;sender;group_short
4;subdomain1;domain1;U1;0;37;U1;no tool
5;subdomain1;domain2;U1_diff;1;21;U1;tool diff
6;subdomain1;domain3;U1;0;37;U1;no tool
7;subdomain1;domain4;U2_same;1;0;U2;tool same
9;subdomain1;domain5;U2_same;0;37;U2;tool same
12;subdomain1;domain6;U2_diff;1;0;U2;tool diff
15;subdomain1;domain7;U2;0;37;U2;no tool
16;subdomain1;domain8;U2_same;0;37;U2;tool same
18;subdomain1;domain9;U2;0;37;U2;no tool
19;subdomain1;domain10;U2;0;37;U2;no tool
20;subdomain1;domain11;U1_diff;1;11;U1;tool diff
21_1;subdomain1;domain12;U1_same;0;37;U1;tool same
21_2;subdomain2;domain12;U1_same;1;11;U1;tool same
22;subdomain1;domain13;U1_diff;1;11;U1;tool diff
28;subdomain1;domain14;U1_diff;1;0;U1;tool diff
29;subdomain1;domain15;U2_diff;1;0;U2;tool diff
30;subdomain1;domain16;U2_same;0;37;U2;tool same
31;subdomain1;domain17;U2_same;0;37;U2;tool same
32;subdomain1;domain18;U1_diff;0;37;U1;tool diff
33_1;subdomain1;domain19;U2;1;0;U2;no tool
33_2;subdomain2;domain19;U2;0;37;U2;no tool
34;subdomain1;domain20;U2_same;0;37;U2;tool same
35;subdomain1;domain21;U1_diff;0;37;U1;tool diff
37;subdomain1;domain22;U1_same;0;37;U1;tool same
38;subdomain1;domain23;U2_same;0;37;U2;tool same
41;subdomain1;domain24;U1_diff;1;0;U1;tool diff
42;subdomain1;domain25;U2;1;0;U2;no tool
44;subdomain1;domain26;U1_diff;0;37;U1;tool diff
45;subdomain1;domain27;U1_diff;1;1;U1;tool diff
46;subdomain1;domain28;U2;0;37;U2;no tool
47;subdomain1;domain29;U1_diff;1;0;U1;tool diff
48;subdomain1;domain30;U2;0;37;U2;no tool
49;subdomain1;domain31;U1;0;37;U1;no tool
51;subdomain1;domain32;U2;1;0;U2;no tool
55;subdomain1;domain33;U2_diff;1;2;U2;tool diff
56;subdomain1;domain34;U1_diff;0;37;U1;tool diff
57;subdomain1;domain35;U1_same;1;0;U1;tool same
59;subdomain1;domain36;U1;0;37;U1;no tool
61;subdomain1;domain37;U2_diff;0;37;U2;tool diff
64;subdomain1;domain38;U2;0;37;U2;no tool
66;subdomain1;domain39;U2_diff;0;37;U2;tool diff
68;subdomain1;domain40;U2_diff;0;37;U2;tool diff
69;subdomain1;domain41;U2_same;0;37;U2;tool same
70;subdomain1;domain42;U2_same;0;37;U2;tool same
72;subdomain1;domain43;U2_diff;1;0;U2;tool diff
73;subdomain1;domain44;U1_diff;1;0;U1;tool diff
78;subdomain1;domain45;U1_same;1;0;U1;tool same
79;subdomain1;domain46;U2_diff;0;37;U2;tool diff
81;subdomain1;domain47;U1_diff;1;0;U1;tool diff
83;subdomain1;domain48;U2_same;0;37;U2;tool same
85;subdomain1;domain49;U1;0;37;U1;no tool
87;subdomain1;domain50;U2_same;0;37;U2;tool same
88;subdomain1;domain51;U2_diff;1;4;U2;tool diff
89_1;subdomain1;domain52;U1_same;1;4;U1;tool same
89_2;subdomain2;domain52;U1_same;0;37;U1;tool same
91;subdomain1;domain53;U2;0;37;U2;no tool
92;subdomain1;domain54;U1_same;1;4;U1;tool same
93;subdomain1;domain55;U2_diff;1;4;U2;tool diff
94;subdomain1;domain56;U1_same;1;4;U1;tool same
95;subdomain1;domain57;U2;0;37;U2;no tool
96;subdomain1;domain58;U2;1;4;U2;no tool
97;subdomain1;domain59;U1_diff;1;4;U1;tool diff
102;subdomain1;domain60;U1;1;0;U1;no tool
103;subdomain1;domain61;U1_diff;0;37;U1;tool diff
104;subdomain1;domain62;U2;1;0;U2;no tool
108;subdomain1;domain63;U2;0;37;U2;no tool
110;subdomain1;domain64;U1_same;1;6;U1;tool same
111;subdomain1;domain65;U1;1;0;U1;no tool
113;subdomain1;domain66;U2_diff;0;37;U2;tool diff
115;subdomain1;domain67;U2_same;0;37;U2;tool same
116;subdomain1;domain68;U1_same;0;37;U1;tool same
117;subdomain1;domain69;U2;0;37;U2;no tool
119;subdomain1;domain70;U2;0;37;U2;no tool
121;subdomain1;domain71;U1_same;0;37;U1;tool same
124;subdomain1;domain72;U1;0;37;U1;no tool
125;subdomain1;domain73;U1;0;37;U1;no tool
129;subdomain1;domain74;U2_diff;1;0;U2;tool diff
131;subdomain1;domain75;U2_same;0;37;U2;tool same
133;subdomain1;domain76;U2_same;1;0;U2;tool same
134;subdomain1;domain77;U2;0;37;U2;no tool
135;subdomain1;domain78;U2;1;0;U2;no tool
136;subdomain1;domain79;U2;0;37;U2;no tool
137;subdomain1;domain80;U1_same;0;37;U1;tool same
138;subdomain1;domain81;U2;0;37;U2;no tool
139;subdomain1;domain82;U2_same;1;0;U2;tool same
140;subdomain1;domain83;U1;0;37;U1;no tool
141;subdomain1;domain84;U1_diff;0;37;U1;tool diff
142;subdomain1;domain85;U1_diff;0;37;U1;tool diff
146;subdomain1;domain86;U1;1;0;U1;no tool
149;subdomain1;domain87;U1;1;1;U1;no tool
150;subdomain1;domain88;U2_diff;0;37;U2;tool diff
154;subdomain1;domain89;U1_diff;1;0;U1;tool diff
155;subdomain1;domain90;U1;0;37;U1;no tool
160;subdomain1;domain91;U2;0;37;U2;no tool
162;subdomain1;domain92;U1;0;37;U1;no tool
163;subdomain1;domain93;U2_diff;1;2;U2;tool diff
164;subdomain1;domain94;U2_same;0;37;U2;tool same
165;subdomain1;domain95;U1_diff;1;27;U1;tool diff
166;subdomain1;domain96;U1_same;1;4;U1;tool same
167;subdomain1;domain97;U2;0;37;U2;no tool
168;subdomain1;domain98;U1_same;0;37;U1;tool same
169;subdomain1;domain99;U2_diff;0;37;U2;tool diff
170;subdomain1;domain100;U1_same;1;0;U1;tool same
172;subdomain1;domain101;U2_same;0;37;U2;tool same
173;subdomain1;domain102;U1;1;0;U1;no tool
174;subdomain1;domain103;U2_diff;1;0;U2;tool diff
175;subdomain1;domain104;U2_same;1;0;U2;tool same
177;subdomain1;domain105;U1_same;0;37;U1;tool same
179;subdomain1;domain106;U1_diff;0;37;U1;tool diff
181;subdomain1;domain107;U2_same;0;37;U2;tool same
183_1;subdomain1;domain108;U2_same;0;37;U2;tool same
183_2;subdomain2;domain108;U2_same;1;0;U2;tool same
184;subdomain1;domain109;U1;1;0;U1;no tool
185;subdomain1;domain110;U2_same;0;37;U2;tool same
186;subdomain1;domain111;U1;1;0;U1;no tool
188;subdomain1;domain112;U1_diff;1;0;U1;tool diff
189;subdomain1;domain113;U1_same;0;37;U1;tool same
190;subdomain1;domain114;U1_diff;1;0;U1;tool diff
192;subdomain1;domain115;U2_diff;0;37;U2;tool diff
194;subdomain1;domain116;U2;0;37;U2;no tool
196;subdomain1;domain117;U2_same;0;37;U2;tool same
200;subdomain1;domain118;U1_same;0;37;U1;tool same
203;subdomain1;domain119;U1;0;37;U1;no tool
204;subdomain1;domain120;U2_same;0;37;U2;tool same
207;subdomain1;domain121;U1_same;0;37;U1;tool same
212;subdomain1;domain122;U1;1;7;U1;no tool
216;subdomain1;domain123;U1_same;0;37;U1;tool same
217;subdomain1;domain124;U2;0;37;U2;no tool
218;subdomain1;domain125;U2_same;0;37;U2;tool same
220;subdomain1;domain126;U2_diff;0;37;U2;tool diff
222;subdomain1;domain127;U1_diff;0;37;U1;tool diff
224;subdomain1;domain128;U1;0;37;U1;no tool
226;subdomain1;domain129;U1_diff;0;37;U1;tool diff
229;subdomain1;domain130;U1_diff;1;0;U1;tool diff
230;subdomain1;domain131;U2;0;37;U2;no tool
231;subdomain1;domain132;U1_diff;1;11;U1;tool diff
232;subdomain1;domain133;U1_same;0;37;U1;tool same
233;subdomain1;domain134;U1_diff;1;11;U1;tool diff
234;subdomain1;domain135;U2_diff;0;37;U2;tool diff
237;subdomain1;domain136;U2_same;1;0;U2;tool same
239;subdomain1;domain137;U1;0;37;U1;no tool
240;subdomain1;domain138;U1_same;0;37;U1;tool same
241;subdomain1;domain139;U1_same;0;37;U1;tool same
243;subdomain1;domain140;U2;0;37;U2;no tool
246;subdomain1;domain141;U1_same;0;37;U1;tool same
247_1;subdomain1;domain142;U1_same;0;37;U1;tool same
247_2;subdomain2;domain142;U1_same;1;0;U1;tool same
248;subdomain1;domain143;U1_same;0;37;U1;tool same
249;subdomain1;domain144;U1_same;0;37;U1;tool same
250;subdomain1;domain145;U2_diff;0;37;U2;tool diff
251;subdomain1;domain146;U1_diff;1;0;U1;tool diff
253;subdomain1;domain147;U2_diff;0;37;U2;tool diff
254;subdomain1;domain148;U2;0;37;U2;no tool
255;subdomain1;domain149;U2;0;37;U2;no tool
257;subdomain1;domain150;U2_same;0;37;U2;tool same
260;subdomain1;domain151;U1_same;1;26;U1;tool same
262;subdomain1;domain152;U1_same;1;0;U1;tool same
265;subdomain1;domain153;U1;0;37;U1;no tool
273;subdomain1;domain154;U1_diff;0;37;U1;tool diff
274;subdomain1;domain155;U2;0;37;U2;no tool
275;subdomain1;domain156;U1;0;37;U1;no tool
276;subdomain1;domain157;U2_diff;0;37;U2;tool diff
280;subdomain1;domain158;U1_diff;0;37;U1;tool diff
283;subdomain1;domain159;U1_same;0;37;U1;tool same
284_1;subdomain1;domain160;U2_diff;1;21;U2;tool diff
284_2;subdomain2;domain160;U2_diff;0;37;U2;tool diff
284_3;subdomain3;domain160;U2_diff;1;27;U2;tool diff
284_4;subdomain4;domain160;U2_diff;1;30;U2;tool diff
285;subdomain1;domain161;U1_diff;0;37;U1;tool diff
287;subdomain1;domain162;U1_diff;0;37;U1;tool diff
288;subdomain1;domain163;U2_same;0;37;U2;tool same
289;subdomain1;domain164;U1_diff;0;37;U1;tool diff
291;subdomain1;domain165;U1_same;0;37;U1;tool same
293;subdomain1;domain166;U2;0;37;U2;no tool
295;subdomain1;domain167;U1_same;0;37;U1;tool same
298;subdomain1;domain168;U1_diff;0;37;U1;tool diff
299;subdomain1;domain169;U2_diff;0;37;U2;tool diff
301;subdomain1;domain170;U2;1;22;U2;no tool
302;subdomain1;domain171;U2_same;0;37;U2;tool same
304;subdomain1;domain172;U2_same;0;37;U2;tool same
305;subdomain1;domain173;U2_diff;0;37;U2;tool diff
306;subdomain1;domain174;U1;0;37;U1;no tool
307;subdomain1;domain175;U1;0;37;U1;no tool
308;subdomain1;domain176;U2_diff;0;37;U2;tool diff
309;subdomain1;domain177;U1;0;37;U1;no tool
310;subdomain1;domain178;U1_same;0;37;U1;tool same
312_1;subdomain1;domain179;U2_diff;1;18;U2;tool diff
312_2;subdomain2;domain179;U2_diff;0;37;U2;tool diff
314;subdomain1;domain180;U1_diff;0;37;U1;tool diff
317;subdomain1;domain181;U2_same;0;37;U2;tool same
319;subdomain1;domain182;U2;0;37;U2;no tool
320;subdomain1;domain183;U2;0;37;U2;no tool
321;subdomain1;domain184;U1_diff;0;37;U1;tool diff
322;subdomain1;domain185;U2;0;37;U2;no tool
324;subdomain1;domain186;U2_diff;0;37;U2;tool diff
325;subdomain1;domain187;U1_diff;0;37;U1;tool diff
326;subdomain1;domain188;U2;1;34;U2;no tool
327;subdomain1;domain189;U1_same;0;37;U1;tool same
328;subdomain1;domain190;U1_diff;0;37;U1;tool diff
329;subdomain1;domain191;U1;0;37;U1;no tool
330;subdomain1;domain192;U2_same;0;37;U2;tool same
331;subdomain1;domain193;U2_diff;0;37;U2;tool diff
332;subdomain1;domain194;U2_diff;0;37;U2;tool diff
333;subdomain1;domain195;U2_diff;1;1;U2;tool diff
334;subdomain1;domain196;U1_diff;1;22;U1;tool diff
335;subdomain1;domain197;U2;0;37;U2;no tool
336;subdomain1;domain198;U2;0;37;U2;no tool
337;subdomain1;domain199;U1_diff;0;37;U1;tool diff
340;subdomain1;domain200;U2;0;37;U2;no tool
343;subdomain1;domain201;U1_diff;0;37;U1;tool diff
344;subdomain1;domain202;U1_diff;0;37;U1;tool diff
345;subdomain1;domain203;U1;0;37;U1;no tool
346_1;subdomain1;domain204;U1_same;0;37;U1;tool same
346_2;subdomain2;domain204;U1;1;10;U1;no tool
347;subdomain1;domain205;U2_same;1;0;U2;tool same
349;subdomain1;domain206;U2;0;37;U2;no tool
350;subdomain1;domain207;U1;1;37;U1;no tool
352;subdomain1;domain208;U2_diff;1;0;U2;tool diff
353;subdomain1;domain209;U1_same;0;37;U1;tool same
354;subdomain1;domain210;U1_same;0;37;U1;tool same
360;subdomain1;domain211;U2_same;1;1;U2;tool same
362;subdomain1;domain212;U2_same;0;37;U2;tool same
363;subdomain1;domain213;U1_same;0;37;U1;tool same
364;subdomain1;domain214;U2;1;34;U2;no tool
365;subdomain1;domain215;U1_same;0;37;U1;tool same
366_1;subdomain1;domain216;U1_same;1;33;U1;tool same
366_2;subdomain2;domain216;U1_same;1;0;U1;tool same
367;subdomain1;domain217;U2_same;0;37;U2;tool same
369;subdomain1;domain218;U1_diff;0;37;U1;tool diff
373;subdomain1;domain219;U1;1;2;U1;no tool
375;subdomain1;domain220;U2;0;37;U2;no tool
377;subdomain1;domain221;U1;0;37;U1;no tool
379;subdomain1;domain222;U1_same;1;0;U1;tool same
380;subdomain1;domain223;U1;1;0;U1;no tool
381;subdomain1;domain224;U2_same;0;37;U2;tool same
382;subdomain1;domain225;U1_diff;1;0;U1;tool diff
383;subdomain1;domain226;U1;0;37;U1;no tool
384;subdomain1;domain227;U2_same;0;37;U2;tool same
385;subdomain1;domain228;U1;0;37;U1;no tool
388;subdomain1;domain229;U1_diff;0;37;U1;tool diff
391;subdomain1;domain230;U2_same;0;37;U2;tool same
393;subdomain1;domain231;U1_diff;0;37;U1;tool diff
396;subdomain1;domain232;U2_same;0;37;U2;tool same
397;subdomain1;domain233;U2;0;37;U2;no tool
398;subdomain1;domain234;U2_diff;0;37;U2;tool diff
399;subdomain1;domain235;U2;0;37;U2;no tool
400;subdomain1;domain236;U2_diff;0;37;U2;tool diff
401;subdomain1;domain237;U1_same;0;37;U1;tool same
402_1;subdomain1;domain238;U2_diff;0;37;U2;tool diff
402_2;subdomain2;domain238;U2_diff;1;0;U2;tool diff
402_3;subdomain3;domain238;U2_diff;1;1;U2;tool diff
403;subdomain1;domain239;U1_diff;0;37;U1;tool diff
404;subdomain1;domain240;U1_same;0;37;U1;tool same
405;subdomain1;domain241;U2_same;0;37;U2;tool same
406;subdomain1;domain242;U2_diff;0;37;U2;tool diff
407;subdomain1;domain243;U1_same;0;37;U1;tool same
408;subdomain1;domain244;U2_same;1;1;U2;tool same
411;subdomain1;domain245;U1_same;0;37;U1;tool same
412;subdomain1;domain246;U1_same;0;37;U1;tool same
414;subdomain1;domain247;U2_diff;1;0;U2;tool diff
415;subdomain1;domain248;U1_diff;0;37;U1;tool diff
416;subdomain1;domain249;U1_diff;0;37;U1;tool diff
417;subdomain1;domain250;U1_same;1;0;U1;tool same
418;subdomain1;domain251;U2;0;37;U2;no tool
419;subdomain1;domain252;U1;0;37;U1;no tool
420;subdomain1;domain253;U1_same;0;37;U1;tool same
425;subdomain1;domain254;U1;0;37;U1;no tool
426;subdomain1;domain255;U2;0;37;U2;no tool
429;subdomain1;domain256;U2_diff;0;37;U2;tool diff
430;subdomain1;domain257;U1_same;0;37;U1;tool same
432;subdomain1;domain258;U2_same;0;37;U2;tool same
433;subdomain1;domain259;U1_same;0;37;U1;tool same
434;subdomain1;domain260;U1;0;37;U1;no tool
435;subdomain1;domain261;U1;0;37;U1;no tool
438;subdomain1;domain262;U1_diff;0;37;U1;tool diff
439;subdomain1;domain263;U1_diff;0;37;U1;tool diff
441_1;subdomain1;domain264;U2_diff;0;37;U2;tool diff
441_2;subdomain2;domain264;U2_diff;1;0;U2;tool diff
443;subdomain1;domain265;U1;1;12;U1;no tool
444;subdomain1;domain266;U1_diff;1;1;U1;tool diff
446;subdomain1;domain267;U1;0;37;U1;no tool
448;subdomain1;domain268;U2_same;0;37;U2;tool same
449;subdomain1;domain269;U1;0;37;U1;no tool
450;subdomain1;domain270;U1;0;37;U1;no tool
451;subdomain1;domain271;U1;0;37;U1;no tool
453;subdomain1;domain272;U1_same;0;37;U1;tool same
455;subdomain1;domain273;U1;0;37;U1;no tool
456;subdomain1;domain274;U1_same;0;37;U1;tool same
457;subdomain1;domain275;U2;0;37;U2;no tool
458;subdomain1;domain276;U1_same;0;37;U1;tool same
459;subdomain1;domain277;U2;0;37;U2;no tool
460;subdomain1;domain278;U1_diff;1;1;U1;tool diff
462;subdomain1;domain279;U1_same;0;37;U1;tool same
463;subdomain1;domain280;U1_diff;1;1;U1;tool diff
464;subdomain1;domain281;U2;0;37;U2;no tool
467;subdomain1;domain282;U2_diff;0;37;U2;tool diff
468;subdomain1;domain283;U2_same;0;37;U2;tool same
469;subdomain1;domain284;U1;0;37;U1;no tool
470;subdomain1;domain285;U2_diff;0;37;U2;tool diff
471;subdomain1;domain286;U2_diff;0;37;U2;tool diff
472;subdomain1;domain287;U2_diff;0;37;U2;tool diff
473;subdomain1;domain288;U2_same;0;37;U2;tool same
474;subdomain1;domain289;U1;0;37;U1;no tool
475;subdomain1;domain290;U1_diff;1;1;U1;tool diff
476_1;subdomain1;domain291;U1;0;37;U1;no tool
476_2;subdomain2;domain291;U1;1;16;U1;no tool
477;subdomain1;domain292;U1_diff;0;37;U1;tool diff
478;subdomain1;domain293;U2_same;1;22;U2;tool same
479;subdomain1;domain294;U1_same;0;37;U1;tool same
480;subdomain1;domain295;U2;0;37;U2;no tool
481_1;subdomain1;domain296;U1;0;37;U1;no tool
481_2;subdomain2;domain296;U1;1;15;U1;no tool
486;subdomain1;domain297;U2;0;37;U2;no tool
487;subdomain1;domain298;U1;1;0;U1;no tool
490;subdomain1;domain299;U1_diff;0;37;U1;tool diff
492;subdomain1;domain300;U1;0;37;U1;no tool
493;subdomain1;domain301;U2_diff;0;37;U2;tool diff
494;subdomain1;domain302;U2_diff;0;37;U2;tool diff
495;subdomain1;domain303;U2;0;37;U2;no tool
496;subdomain1;domain304;U1;0;37;U1;no tool
497;subdomain1;domain305;U1;0;37;U1;no tool
498;subdomain1;domain306;U2_same;0;37;U2;tool same
499;subdomain1;domain307;U2;0;37;U2;no tool
501;subdomain1;domain308;U2_same;0;37;U2;tool same
502;subdomain1;domain309;U2_diff;1;22;U2;tool diff
503;subdomain1;domain310;U1;0;37;U1;no tool
506;subdomain1;domain311;U2_same;1;0;U2;tool same
507;subdomain1;domain312;U1_diff;0;37;U1;tool diff
508;subdomain1;domain313;U1_same;0;37;U1;tool same
509;subdomain1;domain314;U2_diff;0;37;U2;tool diff
510;subdomain1;domain315;U1_diff;0;37;U1;tool diff
511;subdomain1;domain316;U1;1;0;U1;no tool
513;subdomain1;domain317;U2;0;37;U2;no tool
514;subdomain1;domain318;U2_diff;0;37;U2;tool diff
515;subdomain1;domain319;U1;0;37;U1;no tool
516;subdomain1;domain320;U1_same;0;37;U1;tool same
517;subdomain1;domain321;U2_same;0;37;U2;tool same
518;subdomain1;domain322;U1;0;37;U1;no tool